// Jest Snapshot v1, https://goo.gl/fbAQLP

exports[`<RoleDemo /> renders 1`] = `
<Role
  active={false}
  onToggle={[Function]}
  role={
    Object {
      "color": "#ffffff",
      "name": "test demo role",
    }
  }
/>
`;
