// Jest Snapshot v1, https://goo.gl/fbAQLP

exports[`<DiscordButton /> renders correctly 1`] = `
<discord-button__Button>
  <discord-button__ButtonIcon
    src="/static/discord-logo.svg"
  />
  Â 
  Hello!
</discord-button__Button>
`;
